Archive member included to satisfy reference by file (symbol)

/home/uttkarsh_8/st/stm32cubeide_1.19.0_2/plugins/com.st.stm32cube.ide.mcu.externaltools.gnu-tools-for-stm32.13.3.rel1.linux64_1.0.0.202410170706/tools/bin/../lib/gcc/arm-none-eabi/13.3.1/../../../../arm-none-eabi/lib/thumb/v7e-m+fp/hard/libc_nano.a(libc_a-exit.o)
                              /home/uttkarsh_8/st/stm32cubeide_1.19.0_2/plugins/com.st.stm32cube.ide.mcu.externaltools.gnu-tools-for-stm32.13.3.rel1.linux64_1.0.0.202410170706/tools/bin/../lib/gcc/arm-none-eabi/13.3.1/../../../../arm-none-eabi/lib/thumb/v7e-m+fp/hard/crt0.o (exit)
/home/uttkarsh_8/st/stm32cubeide_1.19.0_2/plugins/com.st.stm32cube.ide.mcu.externaltools.gnu-tools-for-stm32.13.3.rel1.linux64_1.0.0.202410170706/tools/bin/../lib/gcc/arm-none-eabi/13.3.1/../../../../arm-none-eabi/lib/thumb/v7e-m+fp/hard/libc_nano.a(libc_a-findfp.o)
                              /home/uttkarsh_8/st/stm32cubeide_1.19.0_2/plugins/com.st.stm32cube.ide.mcu.externaltools.gnu-tools-for-stm32.13.3.rel1.linux64_1.0.0.202410170706/tools/bin/../lib/gcc/arm-none-eabi/13.3.1/../../../../arm-none-eabi/lib/thumb/v7e-m+fp/hard/libc_nano.a(libc_a-exit.o) (__stdio_exit_handler)
/home/uttkarsh_8/st/stm32cubeide_1.19.0_2/plugins/com.st.stm32cube.ide.mcu.externaltools.gnu-tools-for-stm32.13.3.rel1.linux64_1.0.0.202410170706/tools/bin/../lib/gcc/arm-none-eabi/13.3.1/../../../../arm-none-eabi/lib/thumb/v7e-m+fp/hard/libc_nano.a(libc_a-fwalk.o)
                              /home/uttkarsh_8/st/stm32cubeide_1.19.0_2/plugins/com.st.stm32cube.ide.mcu.externaltools.gnu-tools-for-stm32.13.3.rel1.linux64_1.0.0.202410170706/tools/bin/../lib/gcc/arm-none-eabi/13.3.1/../../../../arm-none-eabi/lib/thumb/v7e-m+fp/hard/libc_nano.a(libc_a-findfp.o) (_fwalk_sglue)
/home/uttkarsh_8/st/stm32cubeide_1.19.0_2/plugins/com.st.stm32cube.ide.mcu.externaltools.gnu-tools-for-stm32.13.3.rel1.linux64_1.0.0.202410170706/tools/bin/../lib/gcc/arm-none-eabi/13.3.1/../../../../arm-none-eabi/lib/thumb/v7e-m+fp/hard/libc_nano.a(libc_a-stdio.o)
                              /home/uttkarsh_8/st/stm32cubeide_1.19.0_2/plugins/com.st.stm32cube.ide.mcu.externaltools.gnu-tools-for-stm32.13.3.rel1.linux64_1.0.0.202410170706/tools/bin/../lib/gcc/arm-none-eabi/13.3.1/../../../../arm-none-eabi/lib/thumb/v7e-m+fp/hard/libc_nano.a(libc_a-findfp.o) (__sread)
/home/uttkarsh_8/st/stm32cubeide_1.19.0_2/plugins/com.st.stm32cube.ide.mcu.externaltools.gnu-tools-for-stm32.13.3.rel1.linux64_1.0.0.202410170706/tools/bin/../lib/gcc/arm-none-eabi/13.3.1/../../../../arm-none-eabi/lib/thumb/v7e-m+fp/hard/libc_nano.a(libc_a-memset.o)
                              /home/uttkarsh_8/st/stm32cubeide_1.19.0_2/plugins/com.st.stm32cube.ide.mcu.externaltools.gnu-tools-for-stm32.13.3.rel1.linux64_1.0.0.202410170706/tools/bin/../lib/gcc/arm-none-eabi/13.3.1/../../../../arm-none-eabi/lib/thumb/v7e-m+fp/hard/crt0.o (memset)
/home/uttkarsh_8/st/stm32cubeide_1.19.0_2/plugins/com.st.stm32cube.ide.mcu.externaltools.gnu-tools-for-stm32.13.3.rel1.linux64_1.0.0.202410170706/tools/bin/../lib/gcc/arm-none-eabi/13.3.1/../../../../arm-none-eabi/lib/thumb/v7e-m+fp/hard/libc_nano.a(libc_a-closer.o)
                              /home/uttkarsh_8/st/stm32cubeide_1.19.0_2/plugins/com.st.stm32cube.ide.mcu.externaltools.gnu-tools-for-stm32.13.3.rel1.linux64_1.0.0.202410170706/tools/bin/../lib/gcc/arm-none-eabi/13.3.1/../../../../arm-none-eabi/lib/thumb/v7e-m+fp/hard/libc_nano.a(libc_a-stdio.o) (_close_r)
/home/uttkarsh_8/st/stm32cubeide_1.19.0_2/plugins/com.st.stm32cube.ide.mcu.externaltools.gnu-tools-for-stm32.13.3.rel1.linux64_1.0.0.202410170706/tools/bin/../lib/gcc/arm-none-eabi/13.3.1/../../../../arm-none-eabi/lib/thumb/v7e-m+fp/hard/libc_nano.a(libc_a-reent.o)
                              /home/uttkarsh_8/st/stm32cubeide_1.19.0_2/plugins/com.st.stm32cube.ide.mcu.externaltools.gnu-tools-for-stm32.13.3.rel1.linux64_1.0.0.202410170706/tools/bin/../lib/gcc/arm-none-eabi/13.3.1/../../../../arm-none-eabi/lib/thumb/v7e-m+fp/hard/libc_nano.a(libc_a-closer.o) (errno)
/home/uttkarsh_8/st/stm32cubeide_1.19.0_2/plugins/com.st.stm32cube.ide.mcu.externaltools.gnu-tools-for-stm32.13.3.rel1.linux64_1.0.0.202410170706/tools/bin/../lib/gcc/arm-none-eabi/13.3.1/../../../../arm-none-eabi/lib/thumb/v7e-m+fp/hard/libc_nano.a(libc_a-impure.o)
                              /home/uttkarsh_8/st/stm32cubeide_1.19.0_2/plugins/com.st.stm32cube.ide.mcu.externaltools.gnu-tools-for-stm32.13.3.rel1.linux64_1.0.0.202410170706/tools/bin/../lib/gcc/arm-none-eabi/13.3.1/../../../../arm-none-eabi/lib/thumb/v7e-m+fp/hard/libc_nano.a(libc_a-reent.o) (_impure_ptr)
/home/uttkarsh_8/st/stm32cubeide_1.19.0_2/plugins/com.st.stm32cube.ide.mcu.externaltools.gnu-tools-for-stm32.13.3.rel1.linux64_1.0.0.202410170706/tools/bin/../lib/gcc/arm-none-eabi/13.3.1/../../../../arm-none-eabi/lib/thumb/v7e-m+fp/hard/libc_nano.a(libc_a-lseekr.o)
[...]
Memory Configuration

Name             Origin             Length             Attributes
RAM              0x20000000         0x00020000         xrw
FLASH            0x08000000         0x00080000         xr
*default*        0x00000000         0xffffffff

Linker script and memory map

LOAD /home/uttkarsh_8/st/stm32cubeide_1.19.0_2/plugins/com.st.stm32cube.ide.mcu.externaltools.gnu-tools-for-stm32.13.3.rel1.linux64_1.0.0.202410170706/tools/bin/../lib/gcc/arm-none-eabi/13.3.1/thumb/v7e-m+fp/hard/crti.o
LOAD /home/uttkarsh_8/st/stm32cubeide_1.19.0_2/plugins/com.st.stm32cube.ide.mcu.externaltools.gnu-tools-for-stm32.13.3.rel1.linux64_1.0.0.202410170706/tools/bin/../lib/gcc/arm-none-eabi/13.3.1/thumb/v7e-m+fp/hard/crtbegin.o
LOAD /home/uttkarsh_8/st/stm32cubeide_1.19.0_2/plugins/com.st.stm32cube.ide.mcu.externaltools.gnu-tools-for-stm32.13.3.rel1.linux64_1.0.0.202410170706/tools/bin/../lib/gcc/arm-none-eabi/13.3.1/../../../../arm-none-eabi/lib/thumb/v7e-m+fp/hard/crt0.o
LOAD ./Core/Src/main.o
LOAD ./Core/Src/stm32f4xx_hal_msp.o
LOAD ./Core/Src/stm32f4xx_it.o
LOAD ./Core/Src/syscalls.o
LOAD ./Core/Src/sysmem.o
LOAD ./Core/Src/system_stm32f4xx.o
LOAD ./Core/Startup/startup_stm32f446retx.o
LOAD ./Drivers/STM32F4xx_HAL_Driver/Src/stm32f4xx_hal.o
LOAD ./Drivers/STM32F4xx_HAL_Driver/Src/stm32f4xx_hal_cortex.o
LOAD ./Drivers/STM32F4xx_HAL_Driver/Src/stm32f4xx_hal_dma.o
LOAD ./Drivers/STM32F4xx_HAL_Driver/Src/stm32f4xx_hal_dma_ex.o
LOAD ./Drivers/STM32F4xx_HAL_Driver/Src/stm32f4xx_hal_exti.o
LOAD ./Drivers/STM32F4xx_HAL_Driver/Src/stm32f4xx_hal_flash.o
LOAD ./Drivers/STM32F4xx_HAL_Driver/Src/stm32f4xx_hal_flash_ex.o
LOAD ./Drivers/STM32F4xx_HAL_Driver/Src/stm32f4xx_hal_flash_ramfunc.o
LOAD ./Drivers/STM32F4xx_HAL_Driver/Src/stm32f4xx_hal_gpio.o
LOAD ./Drivers/STM32F4xx_HAL_Driver/Src/stm32f4xx_hal_pwr.o
LOAD ./Drivers/STM32F4xx_HAL_Driver/Src/stm32f4xx_hal_pwr_ex.o
LOAD ./Drivers/STM32F4xx_HAL_Driver/Src/stm32f4xx_hal_rcc.o
LOAD ./Drivers/STM32F4xx_HAL_Driver/Src/stm32f4xx_hal_rcc_ex.o
START GROUP
LOAD /home/uttkarsh_8/st/stm32cubeide_1.19.0_2/plugins/com.st.stm32cube.ide.mcu.externaltools.gnu-tools-for-stm32.13.3.rel1.linux64_1.0.0.202410170706/tools/bin/../lib/gcc/arm-none-eabi/13.3.1/../../../../arm-none-eabi/lib/thumb/v7e-m+fp/hard/libc_nano.a
LOAD /home/uttkarsh_8/st/stm32cubeide_1.19.0_2/plugins/com.st.stm32cube.ide.mcu.externaltools.gnu-tools-for-stm32.13.3.rel1.linux64_1.0.0.202410170706/tools/bin/../lib/gcc/arm-none-eabi/13.3.1/../../../../arm-none-eabi/lib/thumb/v7e-m+fp/hard/libm.a
END GROUP
START GROUP
LOAD /home/uttkarsh_8/st/stm32cubeide_1.19.0_2/plugins/com.st.stm32cube.ide.mcu.externaltools.gnu-tools-for-stm32.13.3.rel1.linux64_1.0.0.202410170706/tools/bin/../lib/gcc/arm-none-eabi/13.3.1/thumb/v7e-m+fp/hard/libgcc.a
LOAD /home/uttkarsh_8/st/stm32cubeide_1.19.0_2/plugins/com.st.stm32cube.ide.mcu.externaltools.gnu-tools-for-stm32.13.3.rel1.linux64_1.0.0.202410170706/tools/bin/../lib/gcc/arm-none-eabi/13.3.1/../../../../arm-none-eabi/lib/thumb/v7e-m+fp/hard/libc_nano.a
END GROUP
START GROUP
LOAD /home/uttkarsh_8/st/stm32cubeide_1.19.0_2/plugins/com.st.stm32cube.ide.mcu.externaltools.gnu-tools-for-stm32.13.3.rel1.linux64_1.0.0.202410170706/tools/bin/../lib/gcc/arm-none-eabi/13.3.1/thumb/v7e-m+fp/hard/libgcc.a
LOAD /home/uttkarsh_8/st/stm32cubeide_1.19.0_2/plugins/com.st.stm32cube.ide.mcu.externaltools.gnu-tools-for-stm32.13.3.rel1.linux64_1.0.0.202410170706/tools/bin/../lib/gcc/arm-none-eabi/13.3.1/../../../../arm-none-eabi/lib/thumb/v7e-m+fp/hard/libc_nano.a
LOAD /home/uttkarsh_8/st/stm32cubeide_1.19.0_2/plugins/com.st.stm32cube.ide.mcu.externaltools.gnu-tools-for-stm32.13.3.rel1.linux64_1.0.0.202410170706/tools/bin/../lib/gcc/arm-none-eabi/13.3.1/../../../../arm-none-eabi/lib/thumb/v7e-m+fp/hard/libnosys.a
END GROUP
START GROUP
LOAD /home/uttkarsh_8/st/stm32cubeide_1.19.0_2/plugins/com.st.stm32cube.ide.mcu.externaltools.gnu-tools-for-stm32.13.3.rel1.linux64_1.0.0.202410170706/tools/bin/../lib/gcc/arm-none-eabi/13.3.1/thumb/v7e-m+fp/hard/libgcc.a
LOAD /home/uttkarsh_8/st/stm32cubeide_1.19.0_2/plugins/com.st.stm32cube.ide.mcu.externaltools.gnu-tools-for-stm32.13.3.rel1.linux64_1.0.0.202410170706/tools/bin/../lib/gcc/arm-none-eabi/13.3.1/../../../../arm-none-eabi/lib/thumb/v7e-m+fp/hard/libc_nano.a
LOAD /home/uttkarsh_8/st/stm32cubeide_1.19.0_2/plugins/com.st.stm32cube.ide.mcu.externaltools.gnu-tools-for-stm32.13.3.rel1.linux64_1.0.0.202410170706/tools/bin/../lib/gcc/arm-none-eabi/13.3.1/../../../../arm-none-eabi/lib/thumb/v7e-m+fp/hard/libnosys.a
END GROUP
LOAD /home/uttkarsh_8/st/stm32cubeide_1.19.0_2/plugins/com.st.stm32cube.ide.mcu.externaltools.gnu-tools-for-stm32.13.3.rel1.linux64_1.0.0.202410170706/tools/bin/../lib/gcc/arm-none-eabi/13.3.1/thumb/v7e-m+fp/hard/crtend.o
LOAD /home/uttkarsh_8/st/stm32cubeide_1.19.0_2/plugins/com.st.stm32cube.ide.mcu.externaltools.gnu-tools-for-stm32.13.3.rel1.linux64_1.0.0.202410170706/tools/bin/../lib/gcc/arm-none-eabi/13.3.1/thumb/v7e-m+fp/hard/crtn.o
                0x20020000                        _estack = (ORIGIN (RAM) + LENGTH (RAM))
                0x00000200                        _Min_Heap_Size = 0x200
                0x00000400                        _Min_Stack_Size = 0x400

.isr_vector     0x08000000      0x1c4
                0x08000000                        . = ALIGN (0x4)
 *(.isr_vector)
 .isr_vector    0x08000000      0x1c4 ./Core/Startup/startup_stm32f446retx.o
                0x08000000                g_pfnVectors
                0x080001c4                        . = ALIGN (0x4)

.text           0x080001c4     0x17f4
                0x080001c4                        . = ALIGN (0x4)
 *(.text)
 .text          0x080001c4       0x40 /home/uttkarsh_8/st/stm32cubeide_1.19.0_2/plugins/com.st.stm32cube.ide.mcu.externaltools.gnu-tools-for-stm32.13.3.rel1.linux64_1.0.0.202410170706/tools/bin/../lib/gcc/arm-none-eabi/13.3.1/thumb/v7e-m+fp/hard/crtbegin.o
 .text          0x08000204       0x30 /home/uttkarsh_8/st/stm32cubeide_1.19.0_2/plugins/com.st.stm32cube.ide.mcu.externaltools.gnu-tools-for-stm32.13.3.rel1.linux64_1.0.0.202410170706/tools/bin/../lib/gcc/arm-none-eabi/13.3.1/thumb/v7e-m+fp/hard/libgcc.a(_aeabi_uldivmod.o)
                0x08000204                __aeabi_uldivmod
 .text          0x08000234      0x2f8 /home/uttkarsh_8/st/stm32cubeide_1.19.0_2/plugins/com.st.stm32cube.ide.mcu.externaltools.gnu-tools-for-stm32.13.3.rel1.linux64_1.0.0.202410170706/tools/bin/../lib/gcc/arm-none-eabi/13.3.1/thumb/v7e-m+fp/hard/libgcc.a(_udivmoddi4.o)
                0x08000234                __udivmoddi4
 .text          0x0800052c        0x4 /home/uttkarsh_8/st/stm32cubeide_1.19.0_2/plugins/com.st.stm32cube.ide.mcu.externaltools.gnu-tools-for-stm32.13.3.rel1.linux64_1.0.0.202410170706/tools/bin/../lib/gcc/arm-none-eabi/13.3.1/thumb/v7e-m+fp/hard/libgcc.a(_dvmd_tls.o)
                0x0800052c                __aeabi_ldiv0
                0x0800052c                __aeabi_idiv0
 *(.text*)
 .text.main     0x08000530       0x14 ./Core/Src/main.o
                0x08000530                main
 .text.SystemClock_Config
                0x08000544       0xc0 ./Core/Src/main.o
                0x08000544                SystemClock_Config
 .text.MX_GPIO_Init
                0x08000604       0xb4 ./Core/Src/main.o
 .text.HAL_GPIO_EXTI_Callback
                0x080006b8       0x28 ./Core/Src/main.o
                0x080006b8                HAL_GPIO_EXTI_Callback
 .text.Error_Handler
                0x080006e0        0xc ./Core/Src/main.o
                0x080006e0                Error_Handler
 .text.HAL_MspInit
                0x080006ec       0x50 ./Core/Src/stm32f4xx_hal_msp.o
                0x080006ec                HAL_MspInit
 .text.NMI_Handler
                0x0800073c        0x8 ./Core/Src/stm32f4xx_it.o
                0x0800073c                NMI_Handler
 .text.HardFault_Handler
                0x08000744        0x8 ./Core/Src/stm32f4xx_it.o
                0x08000744                HardFault_Handler
 .text.MemManage_Handler
                0x0800074c        0x8 ./Core/Src/stm32f4xx_it.o
                0x0800074c                MemManage_Handler
 .text.BusFault_Handler
                0x08000754        0x8 ./Core/Src/stm32f4xx_it.o
                0x08000754                BusFault_Handler
 .text.UsageFault_Handler
                0x0800075c        0x8 ./Core/Src/stm32f4xx_it.o
                0x0800075c                UsageFault_Handler
 .text.SVC_Handler
                0x08000764        0xe ./Core/Src/stm32f4xx_it.o
                0x08000764                SVC_Handler
 .text.DebugMon_Handler
                0x08000772        0xe ./Core/Src/stm32f4xx_it.o
                0x08000772                DebugMon_Handler
 .text.PendSV_Handler
                0x08000780        0xe ./Core/Src/stm32f4xx_it.o
                0x08000780                PendSV_Handler
 .text.SysTick_Handler
                0x0800078e        0xc ./Core/Src/stm32f4xx_it.o
                0x0800078e                SysTick_Handler
 .text.EXTI15_10_IRQHandler
                0x0800079a       0x10 ./Core/Src/stm32f4xx_it.o
                0x0800079a                EXTI15_10_IRQHandler
 *fill*         0x080007aa        0x2 
 .text.SystemInit
                0x080007ac       0x24 ./Core/Src/system_stm32f4xx.o
                0x080007ac                SystemInit
 .text.Reset_Handler
                0x080007d0       0x50 ./Core/Startup/startup_stm32f446retx.o
                0x080007d0                Reset_Handler
 .text.Default_Handler
                0x08000820        0x2 ./Core/Startup/startup_stm32f446retx.o
                0x08000820                RTC_Alarm_IRQHandler
                0x08000820                EXTI2_IRQHandler
                0x08000820                TIM8_CC_IRQHandler
                0x08000820                FMPI2C1_EV_IRQHandler
                0x08000820                SPI4_IRQHandler
                0x08000820                TIM1_CC_IRQHandler
                0x08000820                DMA2_Stream5_IRQHandler
                0x08000820                DMA1_Stream5_IRQHandler
                0x08000820                PVD_IRQHandler
                0x08000820                SDIO_IRQHandler
                0x08000820                TAMP_STAMP_IRQHandler
                0x08000820                CAN2_RX1_IRQHandler
                0x08000820                EXTI3_IRQHandler
                0x08000820                TIM8_TRG_COM_TIM14_IRQHandler
                0x08000820                TIM1_UP_TIM10_IRQHandler
                0x08000820                TIM8_UP_TIM13_IRQHandler
                0x08000820                I2C3_ER_IRQHandler
                0x08000820                EXTI0_IRQHandler
                0x08000820                I2C2_EV_IRQHandler
                0x08000820                DMA1_Stream2_IRQHandler
                0x08000820                CAN1_RX0_IRQHandler
                0x08000820                FPU_IRQHandler
                0x08000820                OTG_HS_WKUP_IRQHandler
                0x08000820                CAN2_SCE_IRQHandler
                0x08000820                DMA2_Stream2_IRQHandler
                0x08000820                SPI1_IRQHandler
                0x08000820                TIM6_DAC_IRQHandler
                0x08000820                TIM1_BRK_TIM9_IRQHandler
                0x08000820                DCMI_IRQHandler
                0x08000820                CAN2_RX0_IRQHandler
                0x08000820                DMA2_Stream3_IRQHandler
                0x08000820                SAI2_IRQHandler
                0x08000820                USART6_IRQHandler
                0x08000820                USART3_IRQHandler
                0x08000820                CAN1_RX1_IRQHandler
                0x08000820                UART5_IRQHandler
                0x08000820                DMA2_Stream0_IRQHandler
                0x08000820                TIM4_IRQHandler
                0x08000820                QUADSPI_IRQHandler
                0x08000820                I2C1_EV_IRQHandler
                0x08000820                DMA1_Stream6_IRQHandler
                0x08000820                DMA1_Stream1_IRQHandler
                0x08000820                UART4_IRQHandler
                0x08000820                TIM3_IRQHandler
                0x08000820                RCC_IRQHandler
                0x08000820                TIM8_BRK_TIM12_IRQHandler
                0x08000820                Default_Handler
                0x08000820                CEC_IRQHandler
                0x08000820                ADC_IRQHandler
                0x08000820                DMA1_Stream7_IRQHandler
                0x08000820                TIM7_IRQHandler
                0x08000820                CAN2_TX_IRQHandler
                0x08000820                TIM5_IRQHandler
                0x08000820                DMA2_Stream7_IRQHandler
                0x08000820                I2C3_EV_IRQHandler
                0x08000820                EXTI9_5_IRQHandler
                0x08000820                RTC_WKUP_IRQHandler
                0x08000820                SPDIF_RX_IRQHandler
                0x08000820                SPI2_IRQHandler
                0x08000820                OTG_HS_EP1_IN_IRQHandler
                0x08000820                DMA1_Stream0_IRQHandler
                0x08000820                CAN1_TX_IRQHandler
                0x08000820                FMPI2C1_ER_IRQHandler
                0x08000820                EXTI4_IRQHandler
                0x08000820                OTG_HS_EP1_OUT_IRQHandler
                0x08000820                WWDG_IRQHandler
                0x08000820                TIM2_IRQHandler
                0x08000820                OTG_FS_WKUP_IRQHandler
                0x08000820                TIM1_TRG_COM_TIM11_IRQHandler
                0x08000820                OTG_HS_IRQHandler
                0x08000820                EXTI1_IRQHandler
                0x08000820                USART2_IRQHandler
                0x08000820                I2C2_ER_IRQHandler
                0x08000820                DMA2_Stream1_IRQHandler
                0x08000820                CAN1_SCE_IRQHandler
                0x08000820                FLASH_IRQHandler
                0x08000820                DMA2_Stream4_IRQHandler
                0x08000820                USART1_IRQHandler
                0x08000820                OTG_FS_IRQHandler
                0x08000820                SPI3_IRQHandler
                0x08000820                DMA1_Stream4_IRQHandler
                0x08000820                I2C1_ER_IRQHandler
                0x08000820                FMC_IRQHandler
                0x08000820                DMA2_Stream6_IRQHandler
                0x08000820                SAI1_IRQHandler
                0x08000820                DMA1_Stream3_IRQHandler
 *fill*         0x08000822        0x2 
 .text.HAL_Init
                0x08000824       0x44 ./Drivers/STM32F4xx_HAL_Driver/Src/stm32f4xx_hal.o
                0x08000824                HAL_Init
 .text.HAL_InitTick
                0x08000868       0x60 ./Drivers/STM32F4xx_HAL_Driver/Src/stm32f4xx_hal.o
                0x08000868                HAL_InitTick
 .text.HAL_IncTick
                0x080008c8       0x28 ./Drivers/STM32F4xx_HAL_Driver/Src/stm32f4xx_hal.o
                0x080008c8                HAL_IncTick
 .text.HAL_GetTick
                0x080008f0       0x18 ./Drivers/STM32F4xx_HAL_Driver/Src/stm32f4xx_hal.o
                0x080008f0                HAL_GetTick
 .text.__NVIC_SetPriorityGrouping
                0x08000908       0x48 ./Drivers/STM32F4xx_HAL_Driver/Src/stm32f4xx_hal_cortex.o
 .text.__NVIC_GetPriorityGrouping
                0x08000950       0x1c ./Drivers/STM32F4xx_HAL_Driver/Src/stm32f4xx_hal_cortex.o
 .text.__NVIC_EnableIRQ
                0x0800096c       0x3c ./Drivers/STM32F4xx_HAL_Driver/Src/stm32f4xx_hal_cortex.o
 .text.__NVIC_SetPriority
                0x080009a8       0x54 ./Drivers/STM32F4xx_HAL_Driver/Src/stm32f4xx_hal_cortex.o
 .text.NVIC_EncodePriority
                0x080009fc       0x66 ./Drivers/STM32F4xx_HAL_Driver/Src/stm32f4xx_hal_cortex.o
 *fill*         0x08000a62        0x2 
 .text.SysTick_Config
                0x08000a64       0x44 ./Drivers/STM32F4xx_HAL_Driver/Src/stm32f4xx_hal_cortex.o
 .text.HAL_NVIC_SetPriorityGrouping
                0x08000aa8       0x16 ./Drivers/STM32F4xx_HAL_Driver/Src/stm32f4xx_hal_cortex.o
                0x08000aa8                HAL_NVIC_SetPriorityGrouping
 .text.HAL_NVIC_SetPriority
                0x08000abe       0x38 ./Drivers/STM32F4xx_HAL_Driver/Src/stm32f4xx_hal_cortex.o
                0x08000abe                HAL_NVIC_SetPriority
 .text.HAL_NVIC_EnableIRQ
                0x08000af6       0x1c ./Drivers/STM32F4xx_HAL_Driver/Src/stm32f4xx_hal_cortex.o
                0x08000af6                HAL_NVIC_EnableIRQ
 .text.HAL_SYSTICK_Config
                0x08000b12       0x18 ./Drivers/STM32F4xx_HAL_Driver/Src/stm32f4xx_hal_cortex.o
                0x08000b12                HAL_SYSTICK_Config
 *fill*         0x08000b2a        0x2 
 .text.HAL_GPIO_Init
                0x08000b2c      0x328 ./Drivers/STM32F4xx_HAL_Driver/Src/stm32f4xx_hal_gpio.o
                0x08000b2c                HAL_GPIO_Init
 .text.HAL_GPIO_WritePin
                0x08000e54       0x32 ./Drivers/STM32F4xx_HAL_Driver/Src/stm32f4xx_hal_gpio.o
                0x08000e54                HAL_GPIO_WritePin
 .text.HAL_GPIO_TogglePin
                0x08000e86       0x34 ./Drivers/STM32F4xx_HAL_Driver/Src/stm32f4xx_hal_gpio.o
                0x08000e86                HAL_GPIO_TogglePin
 *fill*         0x08000eba        0x2 
 .text.HAL_GPIO_EXTI_IRQHandler
                0x08000ebc       0x30 ./Drivers/STM32F4xx_HAL_Driver/Src/stm32f4xx_hal_gpio.o
                0x08000ebc                HAL_GPIO_EXTI_IRQHandler
 .text.HAL_RCC_ClockConfig
                0x08000eec      0x1cc ./Drivers/STM32F4xx_HAL_Driver/Src/stm32f4xx_hal_rcc.o
                0x08000eec                HAL_RCC_ClockConfig
 .text.HAL_RCC_GetSysClockFreq
                0x080010b8      0x354 ./Drivers/STM32F4xx_HAL_Driver/Src/stm32f4xx_hal_rcc_ex.o
                0x080010b8                HAL_RCC_GetSysClockFreq
 .text.HAL_RCC_OscConfig
                0x0800140c      0x53c ./Drivers/STM32F4xx_HAL_Driver/Src/stm32f4xx_hal_rcc_ex.o
                0x0800140c                HAL_RCC_OscConfig
 .text.memset   0x08001948       0x10 /home/uttkarsh_8/st/stm32cubeide_1.19.0_2/plugins/com.st.stm32cube.ide.mcu.externaltools.gnu-tools-for-stm32.13.3.rel1.linux64_1.0.0.202410170706/tools/bin/../lib/gcc/arm-none-eabi/13.3.1/../../../../arm-none-eabi/lib/thumb/v7e-m+fp/hard/libc_nano.a(libc_a-memset.o)
                0x08001948                memset
 .text.__libc_init_array
                0x08001958       0x48 /home/uttkarsh_8/st/stm32cubeide_1.19.0_2/plugins/com.st.stm32cube.ide.mcu.externaltools.gnu-tools-for-stm32.13.3.rel1.linux64_1.0.0.202410170706/tools/bin/../lib/gcc/arm-none-eabi/13.3.1/../../../../arm-none-eabi/lib/thumb/v7e-m+fp/hard/libc_nano.a(libc_a-init.o)
                0x08001958                __libc_init_array
 *(.glue_7)
 .glue_7        0x080019a0        0x0 linker stubs
 *(.glue_7t)
 .glue_7t       0x080019a0        0x0 linker stubs
 *(.eh_frame)
 .eh_frame      0x080019a0        0x0 /home/uttkarsh_8/st/stm32cubeide_1.19.0_2/plugins/com.st.stm32cube.ide.mcu.externaltools.gnu-tools-for-stm32.13.3.rel1.linux64_1.0.0.202410170706/tools/bin/../lib/gcc/arm-none-eabi/13.3.1/thumb/v7e-m+fp/hard/crtbegin.o
 *(.init)
 .init          0x080019a0        0x4 /home/uttkarsh_8/st/stm32cubeide_1.19.0_2/plugins/com.st.stm32cube.ide.mcu.externaltools.gnu-tools-for-stm32.13.3.rel1.linux64_1.0.0.202410170706/tools/bin/../lib/gcc/arm-none-eabi/13.3.1/thumb/v7e-m+fp/hard/crti.o
                0x080019a0                _init
 .init          0x080019a4        0x8 /home/uttkarsh_8/st/stm32cubeide_1.19.0_2/plugins/com.st.stm32cube.ide.mcu.externaltools.gnu-tools-for-stm32.13.3.rel1.linux64_1.0.0.202410170706/tools/bin/../lib/gcc/arm-none-eabi/13.3.1/thumb/v7e-m+fp/hard/crtn.o
 *(.fini)
 .fini          0x080019ac        0x4 /home/uttkarsh_8/st/stm32cubeide_1.19.0_2/plugins/com.st.stm32cube.ide.mcu.externaltools.gnu-tools-for-stm32.13.3.rel1.linux64_1.0.0.202410170706/tools/bin/../lib/gcc/arm-none-eabi/13.3.1/thumb/v7e-m+fp/hard/crti.o
                0x080019ac                _fini
 .fini          0x080019b0        0x8 /home/uttkarsh_8/st/stm32cubeide_1.19.0_2/plugins/com.st.stm32cube.ide.mcu.externaltools.gnu-tools-for-stm32.13.3.rel1.linux64_1.0.0.202410170706/tools/bin/../lib/gcc/arm-none-eabi/13.3.1/thumb/v7e-m+fp/hard/crtn.o
                0x080019b8                        . = ALIGN (0x4)
                0x080019b8                        _etext = .

.vfp11_veneer   0x080019b8        0x0
 .vfp11_veneer  0x080019b8        0x0 linker stubs

.v4_bx          0x080019b8        0x0
 .v4_bx         0x080019b8        0x0 linker stubs

.iplt           0x080019b8        0x0
 .iplt          0x080019b8        0x0 /home/uttkarsh_8/st/stm32cubeide_1.19.0_2/plugins/com.st.stm32cube.ide.mcu.externaltools.gnu-tools-for-stm32.13.3.rel1.linux64_1.0.0.202410170706/tools/bin/../lib/gcc/arm-none-eabi/13.3.1/thumb/v7e-m+fp/hard/crtbegin.o

.rodata         0x080019b8       0x10
                0x080019b8                        . = ALIGN (0x4)
 *(.rodata)
 *(.rodata*)
 .rodata.AHBPrescTable
                0x080019b8       0x10 ./Core/Src/system_stm32f4xx.o
                0x080019b8                AHBPrescTable
                0x080019c8                        . = ALIGN (0x4)

.ARM.extab      0x080019c8        0x0
                0x080019c8                        . = ALIGN (0x4)
 *(.ARM.extab* .gnu.linkonce.armextab.*)
                0x080019c8                        . = ALIGN (0x4)

.ARM            0x080019c8        0x8
                0x080019c8                        . = ALIGN (0x4)
                0x080019c8                        __exidx_start = .
 *(.ARM.exidx*)
 .ARM.exidx     0x080019c8        0x8 /home/uttkarsh_8/st/stm32cubeide_1.19.0_2/plugins/com.st.stm32cube.ide.mcu.externaltools.gnu-tools-for-stm32.13.3.rel1.linux64_1.0.0.202410170706/tools/bin/../lib/gcc/arm-none-eabi/13.3.1/thumb/v7e-m+fp/hard/libgcc.a(_udivmoddi4.o)
                0x080019d0                        __exidx_end = .
                0x080019d0                        . = ALIGN (0x4)

.preinit_array  0x080019d0        0x0
                0x080019d0                        . = ALIGN (0x4)
                0x080019d0                        PROVIDE (__preinit_array_start = .)
 *(.preinit_array*)
                0x080019d0                        PROVIDE (__preinit_array_end = .)
                0x080019d0                        . = ALIGN (0x4)

.init_array     0x080019d0        0x4
                0x080019d0                        . = ALIGN (0x4)
                0x080019d0                        PROVIDE (__init_array_start = .)
 *(SORT_BY_NAME(.init_array.*))
 *(.init_array*)
 .init_array    0x080019d0        0x4 /home/uttkarsh_8/st/stm32cubeide_1.19.0_2/plugins/com.st.stm32cube.ide.mcu.externaltools.gnu-tools-for-stm32.13.3.rel1.linux64_1.0.0.202410170706/tools/bin/../lib/gcc/arm-none-eabi/13.3.1/thumb/v7e-m+fp/hard/crtbegin.o
                0x080019d4                        PROVIDE (__init_array_end = .)
                0x080019d4                        . = ALIGN (0x4)

.fini_array     0x080019d4        0x4
                0x080019d4                        . = ALIGN (0x4)
                [!provide]                        PROVIDE (__fini_array_start = .)
 *(SORT_BY_NAME(.fini_array.*))
 *(.fini_array*)
 .fini_array    0x080019d4        0x4 /home/uttkarsh_8/st/stm32cubeide_1.19.0_2/plugins/com.st.stm32cube.ide.mcu.externaltools.gnu-tools-for-stm32.13.3.rel1.linux64_1.0.0.202410170706/tools/bin/../lib/gcc/arm-none-eabi/13.3.1/thumb/v7e-m+fp/hard/crtbegin.o
                [!provide]                        PROVIDE (__fini_array_end = .)
                0x080019d8                        . = ALIGN (0x4)
                0x080019d8                        _sidata = LOADADDR (.data)

.rel.dyn        0x080019d8        0x0
 .rel.iplt      0x080019d8        0x0 /home/uttkarsh_8/st/stm32cubeide_1.19.0_2/plugins/com.st.stm32cube.ide.mcu.externaltools.gnu-tools-for-stm32.13.3.rel1.linux64_1.0.0.202410170706/tools/bin/../lib/gcc/arm-none-eabi/13.3.1/thumb/v7e-m+fp/hard/crtbegin.o

.data           0x20000000        0xc load address 0x080019d8
                0x20000000                        . = ALIGN (0x4)
                0x20000000                        _sdata = .
 *(.data)
 *(.data*)
 .data.SystemCoreClock
                0x20000000        0x4 ./Core/Src/system_stm32f4xx.o
                0x20000000                SystemCoreClock
 .data.uwTickPrio
                0x20000004        0x4 ./Drivers/STM32F4xx_HAL_Driver/Src/stm32f4xx_hal.o
                0x20000004                uwTickPrio
 .data.uwTickFreq
                0x20000008        0x1 ./Drivers/STM32F4xx_HAL_Driver/Src/stm32f4xx_hal.o
                0x20000008                uwTickFreq
 *(.RamFunc)
 *(.RamFunc*)
                0x2000000c                        . = ALIGN (0x4)
 *fill*         0x20000009        0x3 
                0x2000000c                        _edata = .

.igot.plt       0x2000000c        0x0 load address 0x080019e4
 .igot.plt      0x2000000c        0x0 /home/uttkarsh_8/st/stm32cubeide_1.19.0_2/plugins/com.st.stm32cube.ide.mcu.externaltools.gnu-tools-for-stm32.13.3.rel1.linux64_1.0.0.202410170706/tools/bin/../lib/gcc/arm-none-eabi/13.3.1/thumb/v7e-m+fp/hard/crtbegin.o
                0x2000000c                        . = ALIGN (0x4)

.bss            0x2000000c       0x20 load address 0x080019e4
                0x2000000c                        _sbss = .
                0x2000000c                        __bss_start__ = _sbss
 *(.bss)
 .bss           0x2000000c       0x1c /home/uttkarsh_8/st/stm32cubeide_1.19.0_2/plugins/com.st.stm32cube.ide.mcu.externaltools.gnu-tools-for-stm32.13.3.rel1.linux64_1.0.0.202410170706/tools/bin/../lib/gcc/arm-none-eabi/13.3.1/thumb/v7e-m+fp/hard/crtbegin.o
 *(.bss*)
 .bss.uwTick    0x20000028        0x4 ./Drivers/STM32F4xx_HAL_Driver/Src/stm32f4xx_hal.o
                0x20000028                uwTick
 *(COMMON)
                0x2000002c                        . = ALIGN (0x4)
                0x2000002c                        _ebss = .
                0x2000002c                        __bss_end__ = _ebss

._user_heap_stack
                0x2000002c      0x604 load address 0x080019e4
                0x20000030                        . = ALIGN (0x8)
 *fill*         0x2000002c        0x4 
                [!provide]                        PROVIDE (end = .)
                0x20000030                        PROVIDE (_end = .)
                0x20000230                        . = (. + _Min_Heap_Size)
 *fill*         0x20000030      0x200 
                0x20000630                        . = (. + _Min_Stack_Size)
 *fill*         0x20000230      0x400 
                0x20000630                        . = ALIGN (0x8)

/DISCARD/
 libc.a(*)
 libm.a(*)
 libgcc.a(*)

.ARM.attributes
                0x00000000       0x30
 *(.ARM.attributes)
 .ARM.attributes
                0x00000000       0x22 /home/uttkarsh_8/st/stm32cubeide_1.19.0_2/plugins/com.st.stm32cube.ide.mcu.externaltools.gnu-tools-for-stm32.13.3.rel1.linux64_1.0.0.202410170706/tools/bin/../lib/gcc/arm-none-eabi/13.3.1/thumb/v7e-m+fp/hard/crti.o
 .ARM.attributes
                0x00000022       0x34 /home/uttkarsh_8/st/stm32cubeide_1.19.0_2/plugins/com.st.stm32cube.ide.mcu.externaltools.gnu-tools-for-stm32.13.3.rel1.linux64_1.0.0.202410170706/tools/bin/../lib/gcc/arm-none-eabi/13.3.1/thumb/v7e-m+fp/hard/crtbegin.o
 .ARM.attributes
                0x00000056       0x34 ./Core/Src/main.o
 .ARM.attributes
                0x0000008a       0x34 ./Core/Src/stm32f4xx_hal_msp.o
 .ARM.attributes
                0x000000be       0x34 ./Core/Src/stm32f4xx_it.o
 .ARM.attributes
                0x000000f2       0x34 ./Core/Src/system_stm32f4xx.o
 .ARM.attributes
                0x00000126       0x21 ./Core/Startup/startup_stm32f446retx.o
 .ARM.attributes
                0x00000147       0x34 ./Drivers/STM32F4xx_HAL_Driver/Src/stm32f4xx_hal.o
 .ARM.attributes
                0x0000017b       0x34 ./Drivers/STM32F4xx_HAL_Driver/Src/stm32f4xx_hal_cortex.o
 .ARM.attributes
                0x000001af       0x34 ./Drivers/STM32F4xx_HAL_Driver/Src/stm32f4xx_hal_gpio.o
 .ARM.attributes
                0x000001e3       0x34 ./Drivers/STM32F4xx_HAL_Driver/Src/stm32f4xx_hal_rcc.o
 .ARM.attributes
                0x00000217       0x34 ./Drivers/STM32F4xx_HAL_Driver/Src/stm32f4xx_hal_rcc_ex.o
 .ARM.attributes
                0x0000024b       0x34 /home/uttkarsh_8/st/stm32cubeide_1.19.0_2/plugins/com.st.stm32cube.ide.mcu.externaltools.gnu-tools-for-stm32.13.3.rel1.linux64_1.0.0.202410170706/tools/bin/../lib/gcc/arm-none-eabi/13.3.1/../../../../arm-none-eabi/lib/thumb/v7e-m+fp/hard/libc_nano.a(libc_a-memset.o)
 .ARM.attributes
                0x0000027f       0x34 /home/uttkarsh_8/st/stm32cubeide_1.19.0_2/plugins/com.st.stm32cube.ide.mcu.externaltools.gnu-tools-for-stm32.13.3.rel1.linux64_1.0.0.202410170706/tools/bin/../lib/gcc/arm-none-eabi/13.3.1/../../../../arm-none-eabi/lib/thumb/v7e-m+fp/hard/libc_nano.a(libc_a-init.o)
 .ARM.attributes
                0x000002b3       0x22 /home/uttkarsh_8/st/stm32cubeide_1.19.0_2/plugins/com.st.stm32cube.ide.mcu.externaltools.gnu-tools-for-stm32.13.3.rel1.linux64_1.0.0.202410170706/tools/bin/../lib/gcc/arm-none-eabi/13.3.1/thumb/v7e-m+fp/hard/libgcc.a(_aeabi_uldivmod.o)
 .ARM.attributes
                0x000002d5       0x34 /home/uttkarsh_8/st/stm32cubeide_1.19.0_2/plugins/com.st.stm32cube.ide.mcu.externaltools.gnu-tools-for-stm32.13.3.rel1.linux64_1.0.0.202410170706/tools/bin/../lib/gcc/arm-none-eabi/13.3.1/thumb/v7e-m+fp/hard/libgcc.a(_udivmoddi4.o)
 .ARM.attributes
                0x00000309       0x22 /home/uttkarsh_8/st/stm32cubeide_1.19.0_2/plugins/com.st.stm32cube.ide.mcu.externaltools.gnu-tools-for-stm32.13.3.rel1.linux64_1.0.0.202410170706/tools/bin/../lib/gcc/arm-none-eabi/13.3.1/thumb/v7e-m+fp/hard/libgcc.a(_dvmd_tls.o)
 .ARM.attributes
                0x0000032b       0x22 /home/uttkarsh_8/st/stm32cubeide_1.19.0_2/plugins/com.st.stm32cube.ide.mcu.externaltools.gnu-tools-for-stm32.13.3.rel1.linux64_1.0.0.202410170706/tools/bin/../lib/gcc/arm-none-eabi/13.3.1/thumb/v7e-m+fp/hard/crtn.o
OUTPUT(BlinkV2.elf elf32-littlearm)
LOAD linker stubs
LOAD /home/uttkarsh_8/st/stm32cubeide_1.19.0_2/plugins/com.st.stm32cube.ide.mcu.externaltools.gnu-tools-for-stm32.13.3.rel1.linux64_1.0.0.202410170706/tools/bin/../lib/gcc/arm-none-eabi/13.3.1/../../../../arm-none-eabi/lib/thumb/v7e-m+fp/hard/libc.a
LOAD /home/uttkarsh_8/st/stm32cubeide_1.19.0_2/plugins/com.st.stm32cube.ide.mcu.externaltools.gnu-tools-for-stm32.13.3.rel1.linux64_1.0.0.202410170706/tools/bin/../lib/gcc/arm-none-eabi/13.3.1/../../../../arm-none-eabi/lib/thumb/v7e-m+fp/hard/libm.a
LOAD /home/uttkarsh_8/st/stm32cubeide_1.19.0_2/plugins/com.st.stm32cube.ide.mcu.externaltools.gnu-tools-for-stm32.13.3.rel1.linux64_1.0.0.202410170706/tools/bin/../lib/gcc/arm-none-eabi/13.3.1/thumb/v7e-m+fp/hard/libgcc.a

.debug_info     0x00000000     0x435a
 .debug_info    0x00000000      0x94f ./Core/Src/main.o
 .debug_info    0x0000094f      0x299 ./Core/Src/stm32f4xx_hal_msp.o
 .debug_info    0x00000be8      0x14a ./Core/Src/stm32f4xx_it.o
 .debug_info    0x00000d32      0x54a ./Core/Src/system_stm32f4xx.o
 .debug_info    0x0000127c       0x30 ./Core/Startup/startup_stm32f446retx.o
 .debug_info    0x000012ac      0x99a ./Drivers/STM32F4xx_HAL_Driver/Src/stm32f4xx_hal.o
 .debug_info    0x00001c46      0xdaa ./Drivers/STM32F4xx_HAL_Driver/Src/stm32f4xx_hal_cortex.o
 .debug_info    0x000029f0      0x70b ./Drivers/STM32F4xx_HAL_Driver/Src/stm32f4xx_hal_gpio.o
 .debug_info    0x000030fb      0x8ff ./Drivers/STM32F4xx_HAL_Driver/Src/stm32f4xx_hal_rcc.o
 .debug_info    0x000039fa      0x960 ./Drivers/STM32F4xx_HAL_Driver/Src/stm32f4xx_hal_rcc_ex.o

.debug_abbrev   0x00000000     0x10b2
 .debug_abbrev  0x00000000      0x22f ./Core/Src/main.o
 .debug_abbrev  0x0000022f       0xd8 ./Core/Src/stm32f4xx_hal_msp.o
 .debug_abbrev  0x00000307       0xa0 ./Core/Src/stm32f4xx_it.o
 .debug_abbrev  0x000003a7      0x11a ./Core/Src/system_stm32f4xx.o
 .debug_abbrev  0x000004c1       0x24 ./Core/Startup/startup_stm32f446retx.o
 .debug_abbrev  0x000004e5      0x214 ./Drivers/STM32F4xx_HAL_Driver/Src/stm32f4xx_hal.o
 .debug_abbrev  0x000006f9      0x31d ./Drivers/STM32F4xx_HAL_Driver/Src/stm32f4xx_hal_cortex.o
 .debug_abbrev  0x00000a16      0x1d4 ./Drivers/STM32F4xx_HAL_Driver/Src/stm32f4xx_hal_gpio.o
 .debug_abbrev  0x00000bea      0x2b7 ./Drivers/STM32F4xx_HAL_Driver/Src/stm32f4xx_hal_rcc.o
 .debug_abbrev  0x00000ea1      0x211 ./Drivers/STM32F4xx_HAL_Driver/Src/stm32f4xx_hal_rcc_ex.o

.debug_aranges  0x00000000      0x490
 .debug_aranges
                0x00000000       0x40 ./Core/Src/main.o
 .debug_aranges
                0x00000040       0x20 ./Core/Src/stm32f4xx_hal_msp.o
 .debug_aranges
                0x00000060       0x68 ./Core/Src/stm32f4xx_it.o
 .debug_aranges
                0x000000c8       0x28 ./Core/Src/system_stm32f4xx.o
 .debug_aranges
                0x000000f0       0x28 ./Core/Startup/startup_stm32f446retx.o
 .debug_aranges
                0x00000118       0xf0 ./Drivers/STM32F4xx_HAL_Driver/Src/stm32f4xx_hal.o
 .debug_aranges
                0x00000208      0x130 ./Drivers/STM32F4xx_HAL_Driver/Src/stm32f4xx_hal_cortex.o
 .debug_aranges
                0x00000338       0x58 ./Drivers/STM32F4xx_HAL_Driver/Src/stm32f4xx_hal_gpio.o
 .debug_aranges
                0x00000390       0x88 ./Drivers/STM32F4xx_HAL_Driver/Src/stm32f4xx_hal_rcc.o
 .debug_aranges
                0x00000418       0x78 ./Drivers/STM32F4xx_HAL_Driver/Src/stm32f4xx_hal_rcc_ex.o

.debug_rnglists
                0x00000000      0x34e
 .debug_rnglists
                0x00000000       0x2d ./Core/Src/main.o
 .debug_rnglists
                0x0000002d       0x13 ./Core/Src/stm32f4xx_hal_msp.o
 .debug_rnglists
                0x00000040       0x49 ./Core/Src/stm32f4xx_it.o
 .debug_rnglists
                0x00000089       0x1a ./Core/Src/system_stm32f4xx.o
 .debug_rnglists
                0x000000a3       0x19 ./Core/Startup/startup_stm32f446retx.o
 .debug_rnglists
                0x000000bc       0xaf ./Drivers/STM32F4xx_HAL_Driver/Src/stm32f4xx_hal.o
 .debug_rnglists
                0x0000016b       0xe0 ./Drivers/STM32F4xx_HAL_Driver/Src/stm32f4xx_hal_cortex.o
 .debug_rnglists
                0x0000024b       0x3f ./Drivers/STM32F4xx_HAL_Driver/Src/stm32f4xx_hal_gpio.o
 .debug_rnglists
                0x0000028a       0x66 ./Drivers/STM32F4xx_HAL_Driver/Src/stm32f4xx_hal_rcc.o
 .debug_rnglists
                0x000002f0       0x5e ./Drivers/STM32F4xx_HAL_Driver/Src/stm32f4xx_hal_rcc_ex.o

.debug_macro    0x00000000    0x1fce9
 .debug_macro   0x00000000      0x1bf ./Core/Src/main.o
 .debug_macro   0x000001bf      0xad8 ./Core/Src/main.o
 .debug_macro   0x00000c97      0x28f ./Core/Src/main.o
 .debug_macro   0x00000f26       0x2e ./Core/Src/main.o
 .debug_macro   0x00000f54       0x28 ./Core/Src/main.o
 .debug_macro   0x00000f7c       0x22 ./Core/Src/main.o
 .debug_macro   0x00000f9e       0x8e ./Core/Src/main.o
 .debug_macro   0x0000102c       0x51 ./Core/Src/main.o
 .debug_macro   0x0000107d      0x103 ./Core/Src/main.o
 .debug_macro   0x00001180       0x6a ./Core/Src/main.o
 .debug_macro   0x000011ea      0x1df ./Core/Src/main.o
 .debug_macro   0x000013c9       0x1c ./Core/Src/main.o
 .debug_macro   0x000013e5       0x22 ./Core/Src/main.o
 .debug_macro   0x00001407       0xfb ./Core/Src/main.o
 .debug_macro   0x00001502     0x1011 ./Core/Src/main.o
 .debug_macro   0x00002513      0x11f ./Core/Src/main.o
 .debug_macro   0x00002632    0x1675e ./Core/Src/main.o
 .debug_macro   0x00018d90       0x6d ./Core/Src/main.o
 .debug_macro   0x00018dfd     0x3693 ./Core/Src/main.o
 .debug_macro   0x0001c490      0x190 ./Core/Src/main.o
 .debug_macro   0x0001c620       0x5c ./Core/Src/main.o
 .debug_macro   0x0001c67c      0xca5 ./Core/Src/main.o
 .debug_macro   0x0001d321      0x9e9 ./Core/Src/main.o
 .debug_macro   0x0001dd0a      0x115 ./Core/Src/main.o
 .debug_macro   0x0001de1f      0x1a0 ./Core/Src/main.o
 .debug_macro   0x0001dfbf       0xa5 ./Core/Src/main.o
 .debug_macro   0x0001e064      0x16d ./Core/Src/main.o
 .debug_macro   0x0001e1d1      0x287 ./Core/Src/main.o
 .debug_macro   0x0001e458       0x5f ./Core/Src/main.o
 .debug_macro   0x0001e4b7      0x236 ./Core/Src/main.o
 .debug_macro   0x0001e6ed      0x132 ./Core/Src/main.o
 .debug_macro   0x0001e81f      0x29c ./Core/Src/main.o
 .debug_macro   0x0001eabb       0x2e ./Core/Src/main.o
 .debug_macro   0x0001eae9      0x127 ./Core/Src/main.o
 .debug_macro   0x0001ec10       0xe8 ./Core/Src/main.o
 .debug_macro   0x0001ecf8       0x89 ./Core/Src/main.o
 .debug_macro   0x0001ed81      0x126 ./Core/Src/main.o
 .debug_macro   0x0001eea7       0x10 ./Core/Src/main.o
 .debug_macro   0x0001eeb7      0x1bf ./Core/Src/stm32f4xx_hal_msp.o
 .debug_macro   0x0001f076      0x1c9 ./Core/Src/stm32f4xx_it.o
 .debug_macro   0x0001f23f      0x1b0 ./Core/Src/system_stm32f4xx.o
 .debug_macro   0x0001f3ef      0x210 ./Drivers/STM32F4xx_HAL_Driver/Src/stm32f4xx_hal.o
 .debug_macro   0x0001f5ff      0x1b0 ./Drivers/STM32F4xx_HAL_Driver/Src/stm32f4xx_hal_cortex.o
 .debug_macro   0x0001f7af      0x1b6 ./Drivers/STM32F4xx_HAL_Driver/Src/stm32f4xx_hal_gpio.o
 .debug_macro   0x0001f965      0x1d4 ./Drivers/STM32F4xx_HAL_Driver/Src/stm32f4xx_hal_rcc.o
 .debug_macro   0x0001fb39      0x1b0 ./Drivers/STM32F4xx_HAL_Driver/Src/stm32f4xx_hal_rcc_ex.o

.debug_line     0x00000000     0x5e6e
 .debug_line    0x00000000      0x737 ./Core/Src/main.o
 .debug_line    0x00000737      0x67a ./Core/Src/stm32f4xx_hal_msp.o
 .debug_line    0x00000db1      0x741 ./Core/Src/stm32f4xx_it.o
 .debug_line    0x000014f2      0x6f0 ./Core/Src/system_stm32f4xx.o
 .debug_line    0x00001be2       0x7a ./Core/Startup/startup_stm32f446retx.o
 .debug_line    0x00001c5c      0x96c ./Drivers/STM32F4xx_HAL_Driver/Src/stm32f4xx_hal.o
 .debug_line    0x000025c8      0xc3c ./Drivers/STM32F4xx_HAL_Driver/Src/stm32f4xx_hal_cortex.o
 .debug_line    0x00003204      0xab0 ./Drivers/STM32F4xx_HAL_Driver/Src/stm32f4xx_hal_gpio.o
 .debug_line    0x00003cb4      0xd85 ./Drivers/STM32F4xx_HAL_Driver/Src/stm32f4xx_hal_rcc.o
 .debug_line    0x00004a39     0x1435 ./Drivers/STM32F4xx_HAL_Driver/Src/stm32f4xx_hal_rcc_ex.o

.debug_str      0x00000000    0xc2053
 .debug_str     0x00000000    0xc2053 ./Core/Src/main.o
                              0xc10ef (size before relaxing)
 .debug_str     0x000c2053    0xc08d0 ./Core/Src/stm32f4xx_hal_msp.o
 .debug_str     0x000c2053    0xc0873 ./Core/Src/stm32f4xx_it.o
 .debug_str     0x000c2053    0xc0959 ./Core/Src/system_stm32f4xx.o
 .debug_str     0x000c2053       0x6b ./Core/Startup/startup_stm32f446retx.o
 .debug_str     0x000c2053    0xc151e ./Drivers/STM32F4xx_HAL_Driver/Src/stm32f4xx_hal.o
 .debug_str     0x000c2053    0xc1275 ./Drivers/STM32F4xx_HAL_Driver/Src/stm32f4xx_hal_cortex.o
 .debug_str     0x000c2053    0xc0ad4 ./Drivers/STM32F4xx_HAL_Driver/Src/stm32f4xx_hal_gpio.o
 .debug_str     0x000c2053    0xc0d92 ./Drivers/STM32F4xx_HAL_Driver/Src/stm32f4xx_hal_rcc.o
 .debug_str     0x000c2053    0xc0dc5 ./Drivers/STM32F4xx_HAL_Driver/Src/stm32f4xx_hal_rcc_ex.o

.comment        0x00000000       0x43
 .comment       0x00000000       0x43 ./Core/Src/main.o
                                 0x44 (size before relaxing)
 .comment       0x00000043       0x44 ./Core/Src/stm32f4xx_hal_msp.o
 .comment       0x00000043       0x44 ./Core/Src/stm32f4xx_it.o
 .comment       0x00000043       0x44 ./Core/Src/system_stm32f4xx.o
 .comment       0x00000043       0x44 ./Drivers/STM32F4xx_HAL_Driver/Src/stm32f4xx_hal.o
 .comment       0x00000043       0x44 ./Drivers/STM32F4xx_HAL_Driver/Src/stm32f4xx_hal_cortex.o
 .comment       0x00000043       0x44 ./Drivers/STM32F4xx_HAL_Driver/Src/stm32f4xx_hal_gpio.o
 .comment       0x00000043       0x44 ./Drivers/STM32F4xx_HAL_Driver/Src/stm32f4xx_hal_rcc.o
 .comment       0x00000043       0x44 ./Drivers/STM32F4xx_HAL_Driver/Src/stm32f4xx_hal_rcc_ex.o

.debug_frame    0x00000000     0x10b0
 .debug_frame   0x00000000       0xb0 ./Core/Src/main.o
 .debug_frame   0x000000b0       0x38 ./Core/Src/stm32f4xx_hal_msp.o
 .debug_frame   0x000000e8      0x120 ./Core/Src/stm32f4xx_it.o
 .debug_frame   0x00000208       0x58 ./Core/Src/system_stm32f4xx.o
 .debug_frame   0x00000260      0x374 ./Drivers/STM32F4xx_HAL_Driver/Src/stm32f4xx_hal.o
 .debug_frame   0x000005d4      0x508 ./Drivers/STM32F4xx_HAL_Driver/Src/stm32f4xx_hal_cortex.o
 .debug_frame   0x00000adc      0x14c ./Drivers/STM32F4xx_HAL_Driver/Src/stm32f4xx_hal_gpio.o
 .debug_frame   0x00000c28      0x1f4 ./Drivers/STM32F4xx_HAL_Driver/Src/stm32f4xx_hal_rcc.o
 .debug_frame   0x00000e1c      0x1e8 ./Drivers/STM32F4xx_HAL_Driver/Src/stm32f4xx_hal_rcc_ex.o
 .debug_frame   0x00001004       0x20 /home/uttkarsh_8/st/stm32cubeide_1.19.0_2/plugins/com.st.stm32cube.ide.mcu.externaltools.gnu-tools-for-stm32.13.3.rel1.linux64_1.0.0.202410170706/tools/bin/../lib/gcc/arm-none-eabi/13.3.1/../../../../arm-none-eabi/lib/thumb/v7e-m+fp/hard/libc_nano.a(libc_a-memset.o)
 .debug_frame   0x00001024       0x2c /home/uttkarsh_8/st/stm32cubeide_1.19.0_2/plugins/com.st.stm32cube.ide.mcu.externaltools.gnu-tools-for-stm32.13.3.rel1.linux64_1.0.0.202410170706/tools/bin/../lib/gcc/arm-none-eabi/13.3.1/../../../../arm-none-eabi/lib/thumb/v7e-m+fp/hard/libc_nano.a(libc_a-init.o)
 .debug_frame   0x00001050       0x2c /home/uttkarsh_8/st/stm32cubeide_1.19.0_2/plugins/com.st.stm32cube.ide.mcu.externaltools.gnu-tools-for-stm32.13.3.rel1.linux64_1.0.0.202410170706/tools/bin/../lib/gcc/arm-none-eabi/13.3.1/thumb/v7e-m+fp/hard/libgcc.a(_aeabi_uldivmod.o)
 .debug_frame   0x0000107c       0x34 /home/uttkarsh_8/st/stm32cubeide_1.19.0_2/plugins/com.st.stm32cube.ide.mcu.externaltools.gnu-tools-for-stm32.13.3.rel1.linux64_1.0.0.202410170706/tools/bin/../lib/gcc/arm-none-eabi/13.3.1/thumb/v7e-m+fp/hard/libgcc.a(_udivmoddi4.o)

.debug_line_str
                0x00000000       0x4f
 .debug_line_str
                0x00000000       0x4f ./Core/Startup/startup_stm32f446retx.o
